// Jest Snapshot v1, https://goo.gl/fbAQLP

exports[`renders PlatformCard snapshot correctly 1`] = `
<div>
  <div
    class="MuiGrid-root makeStyles-root-1 MuiGrid-container"
    data-testid="card"
  >
    <div
      class="MuiGrid-root makeStyles-imageBlock-2 MuiGrid-container MuiGrid-item MuiGrid-align-items-xs-center MuiGrid-justify-xs-center MuiGrid-grid-sm-12"
    >
      <div
        class="MuiGrid-root MuiGrid-item"
      >
        <img
          alt="Docusign logo"
          class="makeStyles-image-3"
          src="https://cdn.zeplin.io/5fa102170abc4fbe7467eaa5/assets/9e69db6f-95ca-4221-b76f-545a010ea986-3x.png"
        />
        <img
          alt="close"
          class="makeStyles-closeIcon-5"
          src="test-file-stub"
        />
        <div
          class="makeStyles-name-7"
        >
          <h5
            class="MuiTypography-root MuiTypography-h5 MuiTypography-noWrap"
          >
            Docusign
          </h5>
        </div>
      </div>
    </div>
    <div
      class="MuiGrid-root makeStyles-footer-4 MuiGrid-container MuiGrid-item MuiGrid-align-items-xs-center MuiGrid-grid-sm-12"
    >
      <div
        class="MuiGrid-root MuiGrid-container"
      >
        <div
          class="MuiGrid-root MuiGrid-item MuiGrid-zeroMinWidth"
        >
          <h5
            class="MuiTypography-root MuiTypography-h5 MuiTypography-noWrap"
          >
            Docusign
          </h5>
        </div>
      </div>
      <div
        class="MuiGrid-root MuiGrid-container MuiGrid-spacing-xs-1"
        style="display: none;"
      >
        <div
          class="MuiGrid-root MuiGrid-item MuiGrid-grid-sm-6"
          style="display: inline-block;"
        >
          <button
            class="MuiButtonBase-root MuiButton-root MuiButton-contained makeStyles-button-6 MuiButton-containedPrimary"
            tabindex="0"
            type="button"
          >
            <span
              class="MuiButton-label"
            >
              Add
            </span>
            <span
              class="MuiTouchRipple-root"
            />
          </button>
        </div>
        <div
          class="MuiGrid-root MuiGrid-item MuiGrid-grid-sm-6"
          style="display: inline-block;"
        >
          <button
            class="MuiButtonBase-root MuiButton-root MuiButton-outlined makeStyles-button-6"
            tabindex="0"
            type="button"
          >
            <span
              class="MuiButton-label"
            >
              Preview
            </span>
            <span
              class="MuiTouchRipple-root"
            />
          </button>
        </div>
      </div>
    </div>
  </div>
</div>
`;
